[INFO] [launch]: All log files can be found below /home/tang/.ros/log/2026-07-23-17-07-20-077921-LAPTOP-AC5N9NOG-45235
[INFO] [launch]: Default logging verbosity is set to INFO
[INFO] [quadrotor_dynamics_node-1]: process started with pid [45236]
[INFO] [fault_injector_node.py-2]: process started with pid [45238]
[INFO] [sensor_simulator_node-3]: process started with pid [45240]
[INFO] [drone_marker_node.py-4]: process started with pid [45242]
[INFO] [experiment_recorder.py-5]: process started with pid [45244]
[INFO] [ros2-6]: process started with pid [45246]
[sensor_simulator_node-3] [INFO] [1784797640.151895564] [sensor_simulator_node]: Sensor simulator ready at 100.0 Hz; noise enabled
[quadrotor_dynamics_node-1] [INFO] [1784797640.153802421] [quadrotor_dynamics_node]: Dynamics ready: fixed-step 200.0 Hz, state 100.0 Hz, path sample/publish 10.0/5.0 Hz; hover speed 1133.15 rad/s (10820.8 RPM)
[quadrotor_dynamics_node-1] [INFO] [1784797640.153918719] [quadrotor_dynamics_node]: A non-zero external disturbance is configured (disabled)
[ros2-6] stdin is not a terminal device. Keyboard handling disabled.[INFO] [1784797640.332250681] [rosbag2_recorder]: Press SPACE for pausing/resuming
[fault_injector_node.py-2] [INFO] [1784797640.332917704] [fault_injector_node]: Fault injector ready in mode 'none', enabled=False
[ros2-6] [INFO] [1784797640.334017943] [rosbag2_storage]: Opened database '/home/tang/drone_sim_ws/artifacts/experiments/circle/rosbag_20260723T090719Z/rosbag_20260723T090719Z_0.db3' for READ_WRITE.
[ros2-6] [INFO] [1784797640.334777477] [rosbag2_recorder]: Listening for topics...
[ros2-6] [INFO] [1784797640.334801290] [rosbag2_recorder]: Event publisher thread: Starting
[ros2-6] [INFO] [1784797640.336334045] [rosbag2_recorder]: Subscribed to topic '/fault/status'
[ros2-6] [INFO] [1784797640.337565864] [rosbag2_recorder]: Subscribed to topic '/drone/truth/odom'
[ros2-6] [INFO] [1784797640.338242411] [rosbag2_recorder]: Subscribed to topic '/drone/path'
[ros2-6] [INFO] [1784797640.339070598] [rosbag2_recorder]: Subscribed to topic '/drone/motor_rpm'
[ros2-6] [INFO] [1784797640.340190644] [rosbag2_recorder]: Subscribed to topic '/drone/imu'
[ros2-6] [INFO] [1784797640.340776574] [rosbag2_recorder]: Subscribed to topic '/drone/odom'
[ros2-6] [INFO] [1784797640.341404834] [rosbag2_recorder]: Subscribed to topic '/drone/gps'
[ros2-6] [INFO] [1784797640.342168915] [rosbag2_recorder]: Subscribed to topic '/drone/disturbance'
[ros2-6] [INFO] [1784797640.342266858] [rosbag2_recorder]: Recording...
[experiment_recorder.py-5] [INFO] [1784797640.379931127] [experiment_recorder]: Recording scenario 'circle' for 19.0 s into /home/tang/drone_sim_ws/artifacts/experiments/circle
[INFO] [position_controller_node-7]: process started with pid [45312]
[INFO] [analytic_trajectory_node-8]: process started with pid [45314]
[analytic_trajectory_node-8] [INFO] [1784797641.159462822] [analytic_trajectory_node]: Analytic circle trajectory ready at 50.0 Hz
[position_controller_node-7] [INFO] [1784797641.161925623] [position_controller_node]: Model-based controller ready at 100.0 Hz; auto takeoff disabled to (0.00, 0.00, 1.50)
[ros2-6] [INFO] [1784797641.256760919] [rosbag2_recorder]: Subscribed to topic '/drone/reference'
[quadrotor_dynamics_node-1] [INFO] [1784797643.636177882] [quadrotor_dynamics_node]: Timing 5.00 s: integration 190.6 Hz, state/TF 95.3 Hz, path 4.6 Hz
[quadrotor_dynamics_node-1] [INFO] [1784797648.638127315] [quadrotor_dynamics_node]: Timing 5.00 s: integration 190.9 Hz, state/TF 95.4 Hz, path 4.8 Hz
[quadrotor_dynamics_node-1] [INFO] [1784797653.642006083] [quadrotor_dynamics_node]: Timing 5.00 s: integration 190.7 Hz, state/TF 95.3 Hz, path 4.8 Hz
[quadrotor_dynamics_node-1] [INFO] [1784797658.646726179] [quadrotor_dynamics_node]: Timing 5.00 s: integration 190.4 Hz, state/TF 95.3 Hz, path 4.8 Hz
[experiment_recorder.py-5] [INFO] [1784797659.045174962] [experiment_recorder]: EXPERIMENT_COMPLETE {"scenario": "circle", "samples": 1809, "duration_s": 19.015161480999268, "final_position_error_m": 0.042384258807561984, "steady_state_error_m": 0.04579602178807848, "rms_position_error_m": 0.3826504452302318, "maximum_position_error_m": 1.8251252701998444, "arrival_time_s": 3.5772853399994347, "maximum_altitude_overshoot_m": 0.052350630757657335, "path_length_m": 50.862924528063154, "maximum_speed_mps": 1.6023020943927622, "maximum_tilt_deg": 13.677724234555638, "rpm_min": 0.0, "rpm_max": 14581.326138936633, "rpm_saturation_ratio": 0.0, "mission_status": "not_applicable", "planner_status": "not_applicable", "fault_status": "{\"active\": false, \"dropped\": 0, \"elapsed\": 19.022743, \"enabled\": false, \"mode\": \"none\", \"modified\": 0, \"queued\": 0, \"received\": 1733, \"target_motor\": 0}", "maximum_disturbance_force_n": 0.0, "disturbance_peak_error_m": null, "disturbance_recovery_time_s": null, "minimum_obstacle_clearance_m": null, "required_obstacle_clearance_m": 0.3, "planned_path_length_m": null, "maximum_local_point_count": 0, "mean_local_point_count": 0.0, "sensor_position_noise_mean_m": [0.0001347859968552505, 1.7335854941616043e-05, 0.00013246005354537792], "sensor_position_noise_stddev_m": [0.010371672230481513, 0.010422625200489484, 0.015095473987025912], "sensor_position_noise_rms_m": 0.012167060029467477}
[INFO] [experiment_recorder.py-5]: process has finished cleanly [pid 45244]
[INFO] [analytic_trajectory_node-8]: sending signal 'SIGINT' to process[analytic_trajectory_node-8]
[INFO] [position_controller_node-7]: sending signal 'SIGINT' to process[position_controller_node-7]
[INFO] [ros2-6]: sending signal 'SIGINT' to process[ros2-6]
[INFO] [drone_marker_node.py-4]: sending signal 'SIGINT' to process[drone_marker_node.py-4]
[INFO] [sensor_simulator_node-3]: sending signal 'SIGINT' to process[sensor_simulator_node-3]
[INFO] [fault_injector_node.py-2]: sending signal 'SIGINT' to process[fault_injector_node.py-2]
[INFO] [quadrotor_dynamics_node-1]: sending signal 'SIGINT' to process[quadrotor_dynamics_node-1]
[analytic_trajectory_node-8] [INFO] [1784797659.246830701] [rclcpp]: signal_handler(SIGINT/SIGTERM)
[position_controller_node-7] [INFO] [1784797659.248536251] [rclcpp]: signal_handler(SIGINT/SIGTERM)
[sensor_simulator_node-3] [INFO] [1784797659.250627252] [rclcpp]: signal_handler(SIGINT/SIGTERM)
[quadrotor_dynamics_node-1] [INFO] [1784797659.252983962] [rclcpp]: signal_handler(SIGINT/SIGTERM)
[ros2-6] [INFO] [1784797659.263457795] [rosbag2_cpp]: Writing remaining messages from cache to the bag. It may take a while
[ros2-6] [INFO] [1784797659.264739312] [rosbag2_recorder]: Event publisher thread: Exiting
[ros2-6] [INFO] [1784797659.264861473] [rosbag2_recorder]: Recording stopped
[INFO] [analytic_trajectory_node-8]: process has finished cleanly [pid 45314]
[INFO] [position_controller_node-7]: process has finished cleanly [pid 45312]
[INFO] [sensor_simulator_node-3]: process has finished cleanly [pid 45240]
[INFO] [quadrotor_dynamics_node-1]: process has finished cleanly [pid 45236]
[INFO] [fault_injector_node.py-2]: process has finished cleanly [pid 45238]
[INFO] [drone_marker_node.py-4]: process has finished cleanly [pid 45242]
[INFO] [ros2-6]: process has finished cleanly [pid 45246]
