[INFO] [launch]: All log files can be found below /home/tang/.ros/log/2026-07-23-17-08-18-783043-LAPTOP-AC5N9NOG-45535
[INFO] [launch]: Default logging verbosity is set to INFO
[INFO] [quadrotor_dynamics_node-1]: process started with pid [45536]
[INFO] [fault_injector_node.py-2]: process started with pid [45538]
[INFO] [sensor_simulator_node-3]: process started with pid [45540]
[INFO] [drone_marker_node.py-4]: process started with pid [45542]
[INFO] [experiment_recorder.py-5]: process started with pid [45544]
[INFO] [ros2-6]: process started with pid [45546]
[sensor_simulator_node-3] [INFO] [1784797698.843125323] [sensor_simulator_node]: Sensor simulator ready at 100.0 Hz; noise enabled
[quadrotor_dynamics_node-1] [INFO] [1784797698.846656466] [quadrotor_dynamics_node]: Dynamics ready: fixed-step 200.0 Hz, state 100.0 Hz, path sample/publish 10.0/5.0 Hz; hover speed 1133.15 rad/s (10820.8 RPM)
[quadrotor_dynamics_node-1] [INFO] [1784797698.846762664] [quadrotor_dynamics_node]: A non-zero external disturbance is configured (disabled)
[fault_injector_node.py-2] [INFO] [1784797699.005384448] [fault_injector_node]: Fault injector ready in mode 'none', enabled=False
[ros2-6] stdin is not a terminal device. Keyboard handling disabled.[INFO] [1784797699.020623667] [rosbag2_recorder]: Press SPACE for pausing/resuming
[ros2-6] [INFO] [1784797699.022377278] [rosbag2_storage]: Opened database '/home/tang/drone_sim_ws/artifacts/experiments/sensor_noise/rosbag_20260723T090818Z/rosbag_20260723T090818Z_0.db3' for READ_WRITE.
[ros2-6] [INFO] [1784797699.023097789] [rosbag2_recorder]: Listening for topics...
[ros2-6] [INFO] [1784797699.023117765] [rosbag2_recorder]: Event publisher thread: Starting
[ros2-6] [INFO] [1784797699.024593285] [rosbag2_recorder]: Subscribed to topic '/fault/status'
[ros2-6] [INFO] [1784797699.025704984] [rosbag2_recorder]: Subscribed to topic '/drone/truth/odom'
[ros2-6] [INFO] [1784797699.026468411] [rosbag2_recorder]: Subscribed to topic '/drone/path'
[ros2-6] [INFO] [1784797699.027267132] [rosbag2_recorder]: Subscribed to topic '/drone/motor_rpm'
[ros2-6] [INFO] [1784797699.028186550] [rosbag2_recorder]: Subscribed to topic '/drone/imu'
[ros2-6] [INFO] [1784797699.028688418] [rosbag2_recorder]: Subscribed to topic '/drone/odom'
[ros2-6] [INFO] [1784797699.029246472] [rosbag2_recorder]: Subscribed to topic '/drone/gps'
[ros2-6] [INFO] [1784797699.030007559] [rosbag2_recorder]: Subscribed to topic '/drone/disturbance'
[ros2-6] [INFO] [1784797699.030117137] [rosbag2_recorder]: Recording...
[experiment_recorder.py-5] [INFO] [1784797699.072631905] [experiment_recorder]: Recording scenario 'sensor_noise' for 14.0 s into /home/tang/drone_sim_ws/artifacts/experiments/sensor_noise
[INFO] [position_controller_node-7]: process started with pid [45612]
[position_controller_node-7] [INFO] [1784797700.208984754] [position_controller_node]: Model-based controller ready at 100.0 Hz; auto takeoff enabled to (0.00, 0.00, 1.50)
[ros2-6] [INFO] [1784797700.251047699] [rosbag2_recorder]: Subscribed to topic '/drone/reference'
[quadrotor_dynamics_node-1] [INFO] [1784797703.849551823] [quadrotor_dynamics_node]: Timing 5.00 s: integration 190.5 Hz, state/TF 95.1 Hz, path 4.6 Hz
[quadrotor_dynamics_node-1] [INFO] [1784797708.854607312] [quadrotor_dynamics_node]: Timing 5.00 s: integration 190.4 Hz, state/TF 95.3 Hz, path 4.8 Hz
[quadrotor_dynamics_node-1] [INFO] [1784797713.856707946] [quadrotor_dynamics_node]: Timing 5.00 s: integration 190.3 Hz, state/TF 95.2 Hz, path 4.8 Hz
[experiment_recorder.py-5] [INFO] [1784797714.259228593] [experiment_recorder]: EXPERIMENT_COMPLETE {"scenario": "sensor_noise", "samples": 1331, "duration_s": 13.998442580000301, "final_position_error_m": 0.07766192974185854, "steady_state_error_m": 0.06037625122243405, "rms_position_error_m": 0.32920291320170536, "maximum_position_error_m": 1.5958580035882175, "arrival_time_s": 2.379977474000043, "maximum_altitude_overshoot_m": 0.17769952475333328, "path_length_m": 114.14766947024205, "maximum_speed_mps": 1.660630461329603, "maximum_tilt_deg": 0.9817495597203936, "rpm_min": 0.0, "rpm_max": 13726.870364521348, "rpm_saturation_ratio": 0.0, "mission_status": "not_applicable", "planner_status": "not_applicable", "fault_status": "{\"active\": false, \"dropped\": 0, \"elapsed\": 14.000225, \"enabled\": false, \"mode\": \"none\", \"modified\": 0, \"queued\": 0, \"received\": 1217, \"target_motor\": 0}", "maximum_disturbance_force_n": 0.0, "disturbance_peak_error_m": null, "disturbance_recovery_time_s": null, "minimum_obstacle_clearance_m": null, "required_obstacle_clearance_m": 0.3, "planned_path_length_m": null, "maximum_local_point_count": 0, "mean_local_point_count": 0.0, "sensor_position_noise_mean_m": [7.439001815224056e-06, 8.705778493556237e-05, -0.001309902033757395], "sensor_position_noise_stddev_m": [0.030571160814113575, 0.0299578416759583, 0.050358854419366224], "sensor_position_noise_rms_m": 0.03816545491920587}
[INFO] [experiment_recorder.py-5]: process has finished cleanly [pid 45544]
[INFO] [position_controller_node-7]: sending signal 'SIGINT' to process[position_controller_node-7]
[INFO] [ros2-6]: sending signal 'SIGINT' to process[ros2-6]
[INFO] [drone_marker_node.py-4]: sending signal 'SIGINT' to process[drone_marker_node.py-4]
[INFO] [sensor_simulator_node-3]: sending signal 'SIGINT' to process[sensor_simulator_node-3]
[INFO] [fault_injector_node.py-2]: sending signal 'SIGINT' to process[fault_injector_node.py-2]
[INFO] [quadrotor_dynamics_node-1]: sending signal 'SIGINT' to process[quadrotor_dynamics_node-1]
[position_controller_node-7] [INFO] [1784797714.447660244] [rclcpp]: signal_handler(SIGINT/SIGTERM)
[sensor_simulator_node-3] [INFO] [1784797714.448808926] [rclcpp]: signal_handler(SIGINT/SIGTERM)
[quadrotor_dynamics_node-1] [INFO] [1784797714.449661860] [rclcpp]: signal_handler(SIGINT/SIGTERM)
[ros2-6] [INFO] [1784797714.539605471] [rosbag2_cpp]: Writing remaining messages from cache to the bag. It may take a while
[ros2-6] [INFO] [1784797714.540605005] [rosbag2_recorder]: Event publisher thread: Exiting
[ros2-6] [INFO] [1784797714.540680737] [rosbag2_recorder]: Recording stopped
[INFO] [position_controller_node-7]: process has finished cleanly [pid 45612]
[INFO] [sensor_simulator_node-3]: process has finished cleanly [pid 45540]
[INFO] [quadrotor_dynamics_node-1]: process has finished cleanly [pid 45536]
[INFO] [fault_injector_node.py-2]: process has finished cleanly [pid 45538]
[INFO] [drone_marker_node.py-4]: process has finished cleanly [pid 45542]
[INFO] [ros2-6]: process has finished cleanly [pid 45546]
