[INFO] [launch]: All log files can be found below /home/tang/.ros/log/2026-07-23-17-11-55-114150-LAPTOP-AC5N9NOG-47247
[INFO] [launch]: Default logging verbosity is set to INFO
[INFO] [fault_injector_node.py-1]: process started with pid [47266]
[INFO] [quadrotor_dynamics_node-2]: process started with pid [47268]
[INFO] [position_controller_node-3]: process started with pid [47270]
[INFO] [sensor_simulator_node-4]: process started with pid [47272]
[INFO] [drone_marker_node.py-5]: process started with pid [47274]
[position_controller_node-3] [INFO] [1784797915.169631495] [position_controller_node]: Model-based controller ready at 100.0 Hz; auto takeoff enabled to (0.00, 0.00, 1.50)
[sensor_simulator_node-4] [INFO] [1784797915.170283293] [sensor_simulator_node]: Sensor simulator ready at 100.0 Hz; noise enabled
[quadrotor_dynamics_node-2] [INFO] [1784797915.173094023] [quadrotor_dynamics_node]: Dynamics ready: fixed-step 200.0 Hz, state 100.0 Hz, path sample/publish 10.0/5.0 Hz; hover speed 1133.15 rad/s (10820.8 RPM)
[quadrotor_dynamics_node-2] [INFO] [1784797915.173196369] [quadrotor_dynamics_node]: A non-zero external disturbance is configured (disabled)
[fault_injector_node.py-1] [INFO] [1784797915.369715036] [fault_injector_node]: Fault injector ready in mode 'none', enabled=False
[INFO] [rviz2-6]: process started with pid [47326]
[rviz2-6] [INFO] [1784797917.523261144] [rviz2]: Stereo is NOT SUPPORTED
[rviz2-6] [INFO] [1784797917.523451286] [rviz2]: OpenGl version: 4.2 (GLSL 4.2)
[rviz2-6] [INFO] [1784797917.564202635] [rviz2]: Stereo is NOT SUPPORTED
[quadrotor_dynamics_node-2] [INFO] [1784797920.176461641] [quadrotor_dynamics_node]: Timing 5.00 s: integration 190.5 Hz, state/TF 95.1 Hz, path 4.6 Hz
[quadrotor_dynamics_node-2] [INFO] [1784797925.179853360] [quadrotor_dynamics_node]: Timing 5.00 s: integration 190.5 Hz, state/TF 95.3 Hz, path 4.8 Hz
[quadrotor_dynamics_node-2] [INFO] [1784797930.183237399] [quadrotor_dynamics_node]: Timing 5.00 s: integration 190.5 Hz, state/TF 95.1 Hz, path 4.8 Hz
[quadrotor_dynamics_node-2] [INFO] [1784797935.186875849] [quadrotor_dynamics_node]: Timing 5.00 s: integration 190.5 Hz, state/TF 95.3 Hz, path 4.8 Hz
[quadrotor_dynamics_node-2] [INFO] [1784797938.640306710] [quadrotor_dynamics_node]: Timing 5.00 s: integration 190.5 Hz, state/TF 95.1 Hz, path 4.8 Hz
[quadrotor_dynamics_node-2] [INFO] [1784797943.643450419] [quadrotor_dynamics_node]: Timing 5.00 s: integration 190.5 Hz, state/TF 95.3 Hz, path 4.6 Hz
[quadrotor_dynamics_node-2] [INFO] [1784797948.646301992] [quadrotor_dynamics_node]: Timing 5.00 s: integration 190.5 Hz, state/TF 95.1 Hz, path 4.8 Hz
[sensor_simulator_node-4] [INFO] [1784797952.189334602] [rclcpp]: signal_handler(SIGINT/SIGTERM)
[rviz2-6] [INFO] [1784797952.189361202] [rclcpp]: signal_handler(SIGINT/SIGTERM)
[position_controller_node-3] [INFO] [1784797952.189388780] [rclcpp]: signal_handler(SIGINT/SIGTERM)
[quadrotor_dynamics_node-2] [INFO] [1784797952.189437954] [rclcpp]: signal_handler(SIGINT/SIGTERM)
[fault_injector_node.py-1] Traceback (most recent call last):
[fault_injector_node.py-1]   File "/home/tang/drone_sim_ws/install/drone_faults/lib/drone_faults/fault_injector_node.py", line 240, in <module>
[fault_injector_node.py-1]     main()
[fault_injector_node.py-1]   File "/home/tang/drone_sim_ws/install/drone_faults/lib/drone_faults/fault_injector_node.py", line 227, in main
[fault_injector_node.py-1]     rclpy.spin(node)
[fault_injector_node.py-1]   File "/opt/ros/humble/local/lib/python3.10/dist-packages/rclpy/__init__.py", line 229, in spin
[fault_injector_node.py-1]     executor.spin_once()
[fault_injector_node.py-1]   File "/opt/ros/humble/local/lib/python3.10/dist-packages/rclpy/executors.py", line 808, in spin_once
[fault_injector_node.py-1]     self._spin_once_impl(timeout_sec)
[fault_injector_node.py-1]   File "/opt/ros/humble/local/lib/python3.10/dist-packages/rclpy/executors.py", line 797, in _spin_once_impl
[fault_injector_node.py-1]     handler, entity, node = self.wait_for_ready_callbacks(timeout_sec=timeout_sec)
[fault_injector_node.py-1]   File "/opt/ros/humble/local/lib/python3.10/dist-packages/rclpy/executors.py", line 780, in wait_for_ready_callbacks
[fault_injector_node.py-1]     return next(self._cb_iter)
[fault_injector_node.py-1]   File "/opt/ros/humble/local/lib/python3.10/dist-packages/rclpy/executors.py", line 681, in _wait_for_ready_callbacks
[fault_injector_node.py-1]     raise ExternalShutdownException()
[fault_injector_node.py-1] rclpy.executors.ExternalShutdownException
[drone_marker_node.py-5] Traceback (most recent call last):
[drone_marker_node.py-5]   File "/home/tang/drone_sim_ws/install/drone_visualization/lib/drone_visualization/drone_marker_node.py", line 270, in <module>
[drone_marker_node.py-5]     main()
[drone_marker_node.py-5]   File "/home/tang/drone_sim_ws/install/drone_visualization/lib/drone_visualization/drone_marker_node.py", line 257, in main
[drone_marker_node.py-5]     rclpy.spin(node)
[drone_marker_node.py-5]   File "/opt/ros/humble/local/lib/python3.10/dist-packages/rclpy/__init__.py", line 229, in spin
[drone_marker_node.py-5]     executor.spin_once()
[drone_marker_node.py-5]   File "/opt/ros/humble/local/lib/python3.10/dist-packages/rclpy/executors.py", line 808, in spin_once
[drone_marker_node.py-5]     self._spin_once_impl(timeout_sec)
[drone_marker_node.py-5]   File "/opt/ros/humble/local/lib/python3.10/dist-packages/rclpy/executors.py", line 797, in _spin_once_impl
[drone_marker_node.py-5]     handler, entity, node = self.wait_for_ready_callbacks(timeout_sec=timeout_sec)
[drone_marker_node.py-5]   File "/opt/ros/humble/local/lib/python3.10/dist-packages/rclpy/executors.py", line 780, in wait_for_ready_callbacks
[drone_marker_node.py-5]     return next(self._cb_iter)
[drone_marker_node.py-5]   File "/opt/ros/humble/local/lib/python3.10/dist-packages/rclpy/executors.py", line 681, in _wait_for_ready_callbacks
[drone_marker_node.py-5]     raise ExternalShutdownException()
[drone_marker_node.py-5] rclpy.executors.ExternalShutdownException
[INFO] [position_controller_node-3]: process has finished cleanly [pid 47270]
[INFO] [quadrotor_dynamics_node-2]: process has finished cleanly [pid 47268]
[INFO] [sensor_simulator_node-4]: process has finished cleanly [pid 47272]
[ERROR] [fault_injector_node.py-1]: process has died [pid 47266, exit code 1, cmd '/home/tang/drone_sim_ws/install/drone_faults/lib/drone_faults/fault_injector_node.py --ros-args -r __node:=fault_injector_node --params-file /home/tang/drone_sim_ws/install/drone_bringup/share/drone_bringup/config/interfaces.yaml --params-file /home/tang/drone_sim_ws/install/drone_bringup/share/drone_bringup/config/faults.yaml'].
[ERROR] [drone_marker_node.py-5]: process has died [pid 47274, exit code 1, cmd '/home/tang/drone_sim_ws/install/drone_visualization/lib/drone_visualization/drone_marker_node.py --ros-args -r __node:=drone_marker_node --params-file /home/tang/drone_sim_ws/install/drone_bringup/share/drone_bringup/config/interfaces.yaml --params-file /home/tang/drone_sim_ws/install/drone_bringup/share/drone_bringup/config/model.yaml --params-file /home/tang/drone_sim_ws/install/drone_bringup/share/drone_bringup/config/visualization.yaml'].
[INFO] [rviz2-6]: process has finished cleanly [pid 47326]
