[INFO] [launch]: All log files can be found below /home/tang/.ros/log/2026-07-23-17-06-57-835358-LAPTOP-AC5N9NOG-45131
[INFO] [launch]: Default logging verbosity is set to INFO
[INFO] [quadrotor_dynamics_node-1]: process started with pid [45132]
[INFO] [fault_injector_node.py-2]: process started with pid [45134]
[INFO] [sensor_simulator_node-3]: process started with pid [45136]
[INFO] [drone_marker_node.py-4]: process started with pid [45138]
[INFO] [experiment_recorder.py-5]: process started with pid [45140]
[INFO] [ros2-6]: process started with pid [45142]
[sensor_simulator_node-3] [INFO] [1784797617.896962191] [sensor_simulator_node]: Sensor simulator ready at 100.0 Hz; noise enabled
[quadrotor_dynamics_node-1] [INFO] [1784797617.902183977] [quadrotor_dynamics_node]: Dynamics ready: fixed-step 200.0 Hz, state 100.0 Hz, path sample/publish 10.0/5.0 Hz; hover speed 1133.15 rad/s (10820.8 RPM)
[quadrotor_dynamics_node-1] [INFO] [1784797617.902306378] [quadrotor_dynamics_node]: A non-zero external disturbance is configured (disabled)
[fault_injector_node.py-2] [INFO] [1784797618.084179613] [fault_injector_node]: Fault injector ready in mode 'none', enabled=False
[ros2-6] stdin is not a terminal device. Keyboard handling disabled.[INFO] [1784797618.103614728] [rosbag2_recorder]: Press SPACE for pausing/resuming
[ros2-6] [INFO] [1784797618.106474803] [rosbag2_storage]: Opened database '/home/tang/drone_sim_ws/artifacts/experiments/square/rosbag_20260723T090657Z/rosbag_20260723T090657Z_0.db3' for READ_WRITE.
[ros2-6] [INFO] [1784797618.107584139] [rosbag2_recorder]: Listening for topics...
[ros2-6] [INFO] [1784797618.107620517] [rosbag2_recorder]: Event publisher thread: Starting
[ros2-6] [INFO] [1784797618.110209364] [rosbag2_recorder]: Subscribed to topic '/drone/truth/odom'
[ros2-6] [INFO] [1784797618.111073076] [rosbag2_recorder]: Subscribed to topic '/drone/path'
[ros2-6] [INFO] [1784797618.112347168] [rosbag2_recorder]: Subscribed to topic '/drone/motor_rpm'
[ros2-6] [INFO] [1784797618.113650412] [rosbag2_recorder]: Subscribed to topic '/drone/imu'
[ros2-6] [INFO] [1784797618.114344046] [rosbag2_recorder]: Subscribed to topic '/drone/odom'
[ros2-6] [INFO] [1784797618.115095113] [rosbag2_recorder]: Subscribed to topic '/drone/gps'
[ros2-6] [INFO] [1784797618.116032927] [rosbag2_recorder]: Subscribed to topic '/drone/disturbance'
[ros2-6] [INFO] [1784797618.116179442] [rosbag2_recorder]: Recording...
[experiment_recorder.py-5] [INFO] [1784797618.155528694] [experiment_recorder]: Recording scenario 'square' for 20.0 s into /home/tang/drone_sim_ws/artifacts/experiments/square
[ros2-6] [INFO] [1784797618.219418866] [rosbag2_recorder]: Subscribed to topic '/fault/status'
[INFO] [position_controller_node-7]: process started with pid [45208]
[INFO] [waypoint_mission_node.py-8]: process started with pid [45210]
[position_controller_node-7] [INFO] [1784797618.908924643] [position_controller_node]: Model-based controller ready at 100.0 Hz; auto takeoff disabled to (0.00, 0.00, 1.50)
[ros2-6] [INFO] [1784797618.927408553] [rosbag2_recorder]: Subscribed to topic '/drone/reference'
[waypoint_mission_node.py-8] [INFO] [1784797619.098291633] [waypoint_mission_node]: Loaded 5 mission waypoints
[ros2-6] [INFO] [1784797619.130709499] [rosbag2_recorder]: Subscribed to topic '/drone/mission_status'
[position_controller_node-7] [INFO] [1784797619.585840001] [position_controller_node]: New goal: (0.00, 0.00, 1.50), yaw 0.00
[waypoint_mission_node.py-8] [INFO] [1784797622.086164500] [waypoint_mission_node]: Reached waypoint 1/5
[position_controller_node-7] [INFO] [1784797622.186079934] [position_controller_node]: New goal: (1.00, 0.00, 1.50), yaw 0.00
[quadrotor_dynamics_node-1] [INFO] [1784797622.905048003] [quadrotor_dynamics_node]: Timing 5.00 s: integration 190.5 Hz, state/TF 95.1 Hz, path 4.6 Hz
[waypoint_mission_node.py-8] [INFO] [1784797624.287612880] [waypoint_mission_node]: Reached waypoint 2/5
[position_controller_node-7] [INFO] [1784797624.385919288] [position_controller_node]: New goal: (1.00, 1.00, 1.50), yaw 0.00
[waypoint_mission_node.py-8] [INFO] [1784797626.586383136] [waypoint_mission_node]: Reached waypoint 3/5
[position_controller_node-7] [INFO] [1784797626.685630865] [position_controller_node]: New goal: (0.00, 1.00, 1.50), yaw 0.00
[quadrotor_dynamics_node-1] [INFO] [1784797627.909559023] [quadrotor_dynamics_node]: Timing 5.00 s: integration 190.4 Hz, state/TF 95.3 Hz, path 4.8 Hz
[waypoint_mission_node.py-8] [INFO] [1784797628.886434978] [waypoint_mission_node]: Reached waypoint 4/5
[position_controller_node-7] [INFO] [1784797628.985828663] [position_controller_node]: New goal: (0.00, 0.00, 1.50), yaw 0.00
[waypoint_mission_node.py-8] [INFO] [1784797631.186353375] [waypoint_mission_node]: Reached waypoint 5/5
[waypoint_mission_node.py-8] [INFO] [1784797631.186809355] [waypoint_mission_node]: Waypoint mission completed
[quadrotor_dynamics_node-1] [INFO] [1784797632.910719660] [quadrotor_dynamics_node]: Timing 5.00 s: integration 190.4 Hz, state/TF 95.2 Hz, path 4.8 Hz
[quadrotor_dynamics_node-1] [INFO] [1784797637.911573236] [quadrotor_dynamics_node]: Timing 5.00 s: integration 190.4 Hz, state/TF 95.2 Hz, path 4.8 Hz
[experiment_recorder.py-5] [INFO] [1784797639.310487527] [experiment_recorder]: EXPERIMENT_COMPLETE {"scenario": "square", "samples": 1896, "duration_s": 19.992030245000024, "final_position_error_m": 0.016759868714937756, "steady_state_error_m": 0.021921733092365447, "rms_position_error_m": 0.5038048178151048, "maximum_position_error_m": 1.5195376187990999, "arrival_time_s": 2.7120655999997325, "maximum_altitude_overshoot_m": 0.048716583114109646, "path_length_m": 52.03971554392872, "maximum_speed_mps": 1.5529471086140008, "maximum_tilt_deg": 12.752393804652426, "rpm_min": 0.0, "rpm_max": 13733.136229309184, "rpm_saturation_ratio": 0.0, "mission_status": "completed;index=4;count=5", "planner_status": "not_applicable", "fault_status": "{\"active\": false, \"dropped\": 0, \"elapsed\": 20.00037, \"enabled\": false, \"mode\": \"none\", \"modified\": 0, \"queued\": 0, \"received\": 1824, \"target_motor\": 0}", "maximum_disturbance_force_n": 0.0, "disturbance_peak_error_m": null, "disturbance_recovery_time_s": null, "minimum_obstacle_clearance_m": null, "required_obstacle_clearance_m": 0.3, "planned_path_length_m": null, "maximum_local_point_count": 0, "mean_local_point_count": 0.0, "sensor_position_noise_mean_m": [1.3278414663645948e-05, 7.072312203835804e-05, 0.00019522170724792535], "sensor_position_noise_stddev_m": [0.010286441281216165, 0.010172615697915431, 0.015158940397033515], "sensor_position_noise_rms_m": 0.012098619038571658}
[INFO] [experiment_recorder.py-5]: process has finished cleanly [pid 45140]
[INFO] [waypoint_mission_node.py-8]: sending signal 'SIGINT' to process[waypoint_mission_node.py-8]
[INFO] [position_controller_node-7]: sending signal 'SIGINT' to process[position_controller_node-7]
[INFO] [ros2-6]: sending signal 'SIGINT' to process[ros2-6]
[INFO] [drone_marker_node.py-4]: sending signal 'SIGINT' to process[drone_marker_node.py-4]
[INFO] [sensor_simulator_node-3]: sending signal 'SIGINT' to process[sensor_simulator_node-3]
[INFO] [fault_injector_node.py-2]: sending signal 'SIGINT' to process[fault_injector_node.py-2]
[INFO] [quadrotor_dynamics_node-1]: sending signal 'SIGINT' to process[quadrotor_dynamics_node-1]
[position_controller_node-7] [INFO] [1784797639.512703756] [rclcpp]: signal_handler(SIGINT/SIGTERM)
[sensor_simulator_node-3] [INFO] [1784797639.515160369] [rclcpp]: signal_handler(SIGINT/SIGTERM)
[quadrotor_dynamics_node-1] [INFO] [1784797639.516387319] [rclcpp]: signal_handler(SIGINT/SIGTERM)
[ros2-6] [INFO] [1784797639.600499081] [rosbag2_cpp]: Writing remaining messages from cache to the bag. It may take a while
[ros2-6] [INFO] [1784797639.601518155] [rosbag2_recorder]: Event publisher thread: Exiting
[ros2-6] [INFO] [1784797639.601610308] [rosbag2_recorder]: Recording stopped
[INFO] [position_controller_node-7]: process has finished cleanly [pid 45208]
[INFO] [quadrotor_dynamics_node-1]: process has finished cleanly [pid 45132]
[INFO] [sensor_simulator_node-3]: process has finished cleanly [pid 45136]
[INFO] [waypoint_mission_node.py-8]: process has finished cleanly [pid 45210]
[INFO] [drone_marker_node.py-4]: process has finished cleanly [pid 45138]
[INFO] [fault_injector_node.py-2]: process has finished cleanly [pid 45134]
[INFO] [ros2-6]: process has finished cleanly [pid 45142]
