[INFO] [launch]: All log files can be found below /home/tang/.ros/log/2026-07-23-17-08-35-047805-LAPTOP-AC5N9NOG-45627
[INFO] [launch]: Default logging verbosity is set to INFO
[INFO] [quadrotor_dynamics_node-1]: process started with pid [45628]
[INFO] [fault_injector_node.py-2]: process started with pid [45630]
[INFO] [sensor_simulator_node-3]: process started with pid [45632]
[INFO] [drone_marker_node.py-4]: process started with pid [45634]
[INFO] [experiment_recorder.py-5]: process started with pid [45636]
[INFO] [ros2-6]: process started with pid [45638]
[sensor_simulator_node-3] [INFO] [1784797715.112919092] [sensor_simulator_node]: Sensor simulator ready at 100.0 Hz; noise enabled
[quadrotor_dynamics_node-1] [INFO] [1784797715.119960093] [quadrotor_dynamics_node]: Dynamics ready: fixed-step 200.0 Hz, state 100.0 Hz, path sample/publish 10.0/5.0 Hz; hover speed 1133.15 rad/s (10820.8 RPM)
[quadrotor_dynamics_node-1] [INFO] [1784797715.120078265] [quadrotor_dynamics_node]: A non-zero external disturbance is configured (disabled)
[fault_injector_node.py-2] [INFO] [1784797715.284893101] [fault_injector_node]: Fault injector ready in mode 'motor_efficiency', enabled=True
[ros2-6] stdin is not a terminal device. Keyboard handling disabled.[INFO] [1784797715.302238022] [rosbag2_recorder]: Press SPACE for pausing/resuming
[ros2-6] [INFO] [1784797715.303966350] [rosbag2_storage]: Opened database '/home/tang/drone_sim_ws/artifacts/experiments/fault_motor/rosbag_20260723T090834Z/rosbag_20260723T090834Z_0.db3' for READ_WRITE.
[ros2-6] [INFO] [1784797715.304811515] [rosbag2_recorder]: Listening for topics...
[ros2-6] [INFO] [1784797715.304834305] [rosbag2_recorder]: Event publisher thread: Starting
[ros2-6] [INFO] [1784797715.306643843] [rosbag2_recorder]: Subscribed to topic '/fault/status'
[ros2-6] [INFO] [1784797715.307915202] [rosbag2_recorder]: Subscribed to topic '/drone/truth/odom'
[ros2-6] [INFO] [1784797715.308571981] [rosbag2_recorder]: Subscribed to topic '/drone/path'
[ros2-6] [INFO] [1784797715.309630696] [rosbag2_recorder]: Subscribed to topic '/drone/motor_rpm'
[ros2-6] [INFO] [1784797715.311033451] [rosbag2_recorder]: Subscribed to topic '/drone/imu'
[ros2-6] [INFO] [1784797715.311791250] [rosbag2_recorder]: Subscribed to topic '/drone/odom'
[ros2-6] [INFO] [1784797715.312509431] [rosbag2_recorder]: Subscribed to topic '/drone/gps'
[ros2-6] [INFO] [1784797715.313298574] [rosbag2_recorder]: Subscribed to topic '/drone/disturbance'
[ros2-6] [INFO] [1784797715.313551279] [rosbag2_recorder]: Recording...
[experiment_recorder.py-5] [INFO] [1784797715.352677001] [experiment_recorder]: Recording scenario 'fault_motor' for 18.0 s into /home/tang/drone_sim_ws/artifacts/experiments/fault_motor
[INFO] [position_controller_node-7]: process started with pid [45704]
[position_controller_node-7] [INFO] [1784797716.124209390] [position_controller_node]: Model-based controller ready at 100.0 Hz; auto takeoff enabled to (0.00, 0.00, 1.50)
[ros2-6] [INFO] [1784797716.132207637] [rosbag2_recorder]: Subscribed to topic '/drone/reference'
[quadrotor_dynamics_node-1] [INFO] [1784797720.123698187] [quadrotor_dynamics_node]: Timing 5.00 s: integration 190.5 Hz, state/TF 95.1 Hz, path 4.6 Hz
[fault_injector_node.py-2] [WARN] [1784797720.283227880] [fault_injector_node]: Fault became active: motor_efficiency
[fault_injector_node.py-2] [INFO] [1784797719.746595686] [fault_injector_node]: Fault window ended
[quadrotor_dynamics_node-1] [INFO] [1784797723.592511440] [quadrotor_dynamics_node]: Timing 5.00 s: integration 190.5 Hz, state/TF 95.3 Hz, path 4.8 Hz
[quadrotor_dynamics_node-1] [INFO] [1784797728.595681988] [quadrotor_dynamics_node]: Timing 5.00 s: integration 190.5 Hz, state/TF 95.1 Hz, path 4.8 Hz
[experiment_recorder.py-5] [INFO] [1784797733.017082220] [experiment_recorder]: EXPERIMENT_COMPLETE {"scenario": "fault_motor", "samples": 1712, "duration_s": 18.031432183000106, "final_position_error_m": 0.017878692348145705, "steady_state_error_m": 0.03047250941788735, "rms_position_error_m": 1.3669439401388046, "maximum_position_error_m": 4.0407830962265825, "arrival_time_s": 2.0395385730007547, "maximum_altitude_overshoot_m": 0.048733443038117885, "path_length_m": 49.724607805174095, "maximum_speed_mps": 3.0542039043891682, "maximum_tilt_deg": 19.109870185165995, "rpm_min": 0.0, "rpm_max": 13725.786306150125, "rpm_saturation_ratio": 0.0, "mission_status": "not_applicable", "planner_status": "not_applicable", "fault_status": "{\"active\": false, \"dropped\": 0, \"elapsed\": 18.034872, \"enabled\": true, \"mode\": \"motor_efficiency\", \"modified\": 95, \"queued\": 0, \"received\": 1636, \"target_motor\": 0}", "maximum_disturbance_force_n": 0.0, "disturbance_peak_error_m": null, "disturbance_recovery_time_s": null, "minimum_obstacle_clearance_m": null, "required_obstacle_clearance_m": 0.3, "planned_path_length_m": null, "maximum_local_point_count": 0, "mean_local_point_count": 0.0, "sensor_position_noise_mean_m": [5.678135414592949e-05, 1.673766474471937e-05, -6.805862866655073e-05], "sensor_position_noise_stddev_m": [0.010191305189349643, 0.010113023827445167, 0.015170753224958701], "sensor_position_noise_rms_m": 0.012059516878908938}
[INFO] [experiment_recorder.py-5]: process has finished cleanly [pid 45636]
[INFO] [position_controller_node-7]: sending signal 'SIGINT' to process[position_controller_node-7]
[INFO] [ros2-6]: sending signal 'SIGINT' to process[ros2-6]
[INFO] [drone_marker_node.py-4]: sending signal 'SIGINT' to process[drone_marker_node.py-4]
[INFO] [sensor_simulator_node-3]: sending signal 'SIGINT' to process[sensor_simulator_node-3]
[INFO] [fault_injector_node.py-2]: sending signal 'SIGINT' to process[fault_injector_node.py-2]
[INFO] [quadrotor_dynamics_node-1]: sending signal 'SIGINT' to process[quadrotor_dynamics_node-1]
[position_controller_node-7] [INFO] [1784797733.204018768] [rclcpp]: signal_handler(SIGINT/SIGTERM)
[sensor_simulator_node-3] [INFO] [1784797733.205042825] [rclcpp]: signal_handler(SIGINT/SIGTERM)
[quadrotor_dynamics_node-1] [INFO] [1784797733.205730703] [rclcpp]: signal_handler(SIGINT/SIGTERM)
[ros2-6] [INFO] [1784797733.220987117] [rosbag2_cpp]: Writing remaining messages from cache to the bag. It may take a while
[ros2-6] [INFO] [1784797733.222013004] [rosbag2_recorder]: Event publisher thread: Exiting
[ros2-6] [INFO] [1784797733.222088118] [rosbag2_recorder]: Recording stopped
[INFO] [position_controller_node-7]: process has finished cleanly [pid 45704]
[INFO] [sensor_simulator_node-3]: process has finished cleanly [pid 45632]
[INFO] [quadrotor_dynamics_node-1]: process has finished cleanly [pid 45628]
[INFO] [fault_injector_node.py-2]: process has finished cleanly [pid 45630]
[INFO] [drone_marker_node.py-4]: process has finished cleanly [pid 45634]
[INFO] [ros2-6]: process has finished cleanly [pid 45638]
