[INFO] [launch]: All log files can be found below /home/tang/.ros/log/2026-07-23-16-16-25-864521-LAPTOP-AC5N9NOG-27823
[INFO] [launch]: Default logging verbosity is set to INFO
[INFO] [fault_injector_node.py-1]: process started with pid [27844]
[INFO] [quadrotor_dynamics_node-2]: process started with pid [27846]
[INFO] [position_controller_node-3]: process started with pid [27848]
[INFO] [sensor_simulator_node-4]: process started with pid [27850]
[INFO] [drone_marker_node.py-5]: process started with pid [27852]
[position_controller_node-3] [INFO] [1784794585.915893066] [position_controller_node]: Model-based controller ready at 100.0 Hz; auto takeoff enabled to (0.00, 0.00, 1.50)
[sensor_simulator_node-4] [INFO] [1784794585.916362056] [sensor_simulator_node]: Sensor simulator ready at 100.0 Hz; noise enabled
[quadrotor_dynamics_node-2] [INFO] [1784794585.919572194] [quadrotor_dynamics_node]: Dynamics ready: fixed-step 200.0 Hz, state 100.0 Hz, path sample/publish 10.0/5.0 Hz; hover speed 1133.15 rad/s (10820.8 RPM)
[quadrotor_dynamics_node-2] [INFO] [1784794585.919658428] [quadrotor_dynamics_node]: A non-zero external disturbance is configured (disabled)
[fault_injector_node.py-1] [INFO] [1784794586.078706735] [fault_injector_node]: Fault injector ready in mode 'none', enabled=False
[quadrotor_dynamics_node-2] [INFO] [1784794590.919974936] [quadrotor_dynamics_node]: Timing 5.00 s: integration 200.0 Hz, state/TF 100.0 Hz, path 5.0 Hz, backlog 0.134 ms
[quadrotor_dynamics_node-2] [INFO] [1784794594.470032407] [quadrotor_dynamics_node]: Timing 5.00 s: integration 199.9 Hz, state/TF 99.9 Hz, path 5.0 Hz, backlog 3.009 ms
[WARNING] [launch]: user interrupted with ctrl-c (SIGINT)
[WARNING] [launch]: user interrupted with ctrl-c (SIGINT) again, ignoring...
[INFO] [drone_marker_node.py-5]: sending signal 'SIGINT' to process[drone_marker_node.py-5]
[INFO] [sensor_simulator_node-4]: sending signal 'SIGINT' to process[sensor_simulator_node-4]
[INFO] [position_controller_node-3]: sending signal 'SIGINT' to process[position_controller_node-3]
[INFO] [quadrotor_dynamics_node-2]: sending signal 'SIGINT' to process[quadrotor_dynamics_node-2]
[INFO] [fault_injector_node.py-1]: sending signal 'SIGINT' to process[fault_injector_node.py-1]
[sensor_simulator_node-4] [INFO] [1784794597.110039724] [rclcpp]: signal_handler(SIGINT/SIGTERM)
[quadrotor_dynamics_node-2] [INFO] [1784794597.110049613] [rclcpp]: signal_handler(SIGINT/SIGTERM)
[position_controller_node-3] [INFO] [1784794597.110040855] [rclcpp]: signal_handler(SIGINT/SIGTERM)
[sensor_simulator_node-4] [INFO] [1784794597.112086806] [rclcpp]: signal_handler(SIGINT/SIGTERM)
[position_controller_node-3] [INFO] [1784794597.112335576] [rclcpp]: signal_handler(SIGINT/SIGTERM)
[quadrotor_dynamics_node-2] [INFO] [1784794597.112555059] [rclcpp]: signal_handler(SIGINT/SIGTERM)
[INFO] [position_controller_node-3]: process has finished cleanly [pid 27848]
[INFO] [sensor_simulator_node-4]: process has finished cleanly [pid 27850]
[INFO] [quadrotor_dynamics_node-2]: process has finished cleanly [pid 27846]
[INFO] [fault_injector_node.py-1]: process has finished cleanly [pid 27844]
[INFO] [drone_marker_node.py-5]: process has finished cleanly [pid 27852]
